---
source: tests/check_output/mod.rs
expression: pretty
---
Stdout:


Stderr:
error: Type of binding does not match... (1/2)
       
         = help: static bindings do not wrap their type T and just return a T
       
  --> examples/component_type_mismatch.rs:36:28
   |
36 |         maker: static_bind(CoffeeMaker<ElectricHeater, ThermoSiphon<ElectricHeater>>) [logger, heater, pump]
   |                            ^^^^^^^^^^^^^^^^^^^^^^^^^^^^^^^^^^^^^^^^^^^^^^^^^^^^^^^^^

error: ...type specified here (2/2)
  --> examples/component_type_mismatch.rs:40:24
   |
40 |     fn maker(&self) -> Rc<RefCell<CoffeeMaker<H, P>>>;
   |                        ^^^^^^^^^^^^^^^^^^^^^^^^^^^^^^

error[E0277]: the trait bound `DirkCoffeeShop: DirkComponent<_>` is not satisfied
  --> examples/component_type_mismatch.rs:20:24
   |
20 |     let coffee_shop = <DirkCoffeeShop as dirk::DirkComponent<_>>::builder().build();
   |                        ^^^^^^^^^^^^^^ the trait `DirkComponent<_>` is not implemented for `DirkCoffeeShop`

For more information about this error, try `rustc --explain E0277`.
error: could not compile `coffee` (example "component_type_mismatch") due to 3 previous errors
